
/home/runner/work/exp-searching-predators-au/exp-searching-predators-au/experiment/simulation/js/chart.js
  2:7  warning  'Chart' is assigned a value but never used  no-unused-vars

/home/runner/work/exp-searching-predators-au/exp-searching-predators-au/experiment/simulation/js/common.js
   3:10   warning  'dl' is defined but never used           no-unused-vars
   4:10   warning  'downloadPNG' is defined but never used  no-unused-vars
   6:10   warning  'setLegend' is defined but never used    no-unused-vars
   7:10   warning  'saveRun' is defined but never used      no-unused-vars
   8:10   warning  'loadRun' is defined but never used      no-unused-vars
   8:291  warning  'sync' is not defined                    no-undef
  11:10   warning  'renderField' is defined but never used  no-unused-vars
  18:10   warning  'toggleFS' is defined but never used     no-unused-vars

/home/runner/work/exp-searching-predators-au/exp-searching-predators-au/experiment/simulation/js/main.js
  25:3    warning  'Chart' is not defined                   no-undef
  25:97   warning  'setLegend' is not defined               no-undef
  31:10   warning  'resetSim' is defined but never used     no-unused-vars
  31:181  warning  'toast' is not defined                   no-undef
  32:10   warning  'downloadCSV' is defined but never used  no-unused-vars
  32:34   warning  'toast' is not defined                   no-undef
  32:230  warning  'dl' is not defined                      no-undef
  32:275  warning  'toast' is not defined                   no-undef

✖ 17 problems (0 errors, 17 warnings)

